[utkarsh858iitr.wixsite.com/demo.html]
[backblue.gif]
[fade.gif]
[index.html]
[www.wix.com/favicon.ico]
[utkarsh858iitr.wixsite.com/sitemap.xml]
[utkarsh858iitr.wixsite.com/feed.xml]
[external.html]
[utkarsh858iitr.wixsite.com/POST]
[utkarsh858iitr.wixsite.com/index.html]
[browser.sentry-cdn.com/4.6.2/bundle.min.js]
[static.parastorage.com/unpkg/core-js-bundle@3.2.1/minified.js]
[static.parastorage.com/unpkg/whatwg-fetch@3.0.0/dist/fetch.umd.js]
[static.parastorage.com/services/wix-bolt/1.6478.0/bolt-main/app/bolt-custom-elements.min.js]
[static.parastorage.com/unpkg/requirejs-bolt@2.3.6/requirejs.min.js]
[static.parastorage.com/services/third-party/fonts/user-site-fonts/fonts/meodedpashut_oeregular.72.delayed]
[utkarsh858iitr.wixsite.com/_partials/wix-bolt/1.6478.0/node_modules/viewer-platform-worker/dist/wixcode-worker.js]
[static.parastorage.com/services/wix-perf-measure/1.182.0/wix-perf-measure.bundle.min.js]
[static.parastorage.com/services/tag-manager-client/1.126.0/siteTags.bundle.min.js]
[utkarsh858iitr.wixsite.com/demo/who-we-are.html]
[utkarsh858iitr.wixsite.com/demo/support-us.html]
[utkarsh858iitr.wixsite.com/demo/event.html]
[utkarsh858iitr.wixsite.com/demo/contact.html]
[static.wixstatic.com/media/bbd2f5_7116ccacc0ad4421bc6de68d285f4b0ff000.jpg/v1/fill/w_245,h_138,al_c,q_80,usm_0.33_1.00_0.00,blur_2/bbd2f5_7116ccacc0ad4421bc6de68d285f4b0ff000.jpg]
[utkarsh858iitr.wixsite.com/demo/blog.html]
[static.wixstatic.com/media/bbd2f5_52836b7c63ca44a6a38848f68e21bdb5_mv2_d_5/v1/fill/w_218,h_145,al_c,q_80,usm_0.66_1.00_0.01,blur_2/bbd2f5_52836b7c63ca44a6a38848f68e21bdb5_mv2_d_5500_3671_s_4_2.jpg]
[static.wixstatic.com/media/bbd2f5_c84ed67e055440498c8ce23534b8a98f_mv2_d_5/v1/fill/w_768,h_768,fp_0.50_0.50,q_90,usm_0.66_1.00_0.0/bbd2f5_c84ed67e055440498c8ce23534b8a98f_mv2_d_5760_3840_s_4_2.jpg]
[static.wixstatic.com/media/bbd2f5_8cc5d045eec648699fbb27950693830e_mv2_d_5/v1/fill/w_768,h_768,fp_0.50_0.50,q_90,usm_0.66_1.00_0.0/bbd2f5_8cc5d045eec648699fbb27950693830e_mv2_d_5700_3800_s_4_2.jpg]
[static.wixstatic.com/media/bbd2f5_30c5c586490c4999b978f0809cf2a5c0_mv2_d_3/v1/fill/w_768,h_768,fp_0.50_0.50,q_90,usm_0.66_1.00_0.0/bbd2f5_30c5c586490c4999b978f0809cf2a5c0_mv2_d_3549_4924_s_4_2.jpg]
[static.wixstatic.com/media/bbd2f5_d8d0d3a6c0164d11b662fcac0246dd5a_mv2_d_5/v1/fill/w_70,h_47,al_c,q_80,usm_0.66_1.00_0.01,blur_2/bbd2f5_d8d0d3a6c0164d11b662fcac0246dd5a_mv2_d_5616_3744_s_4_2.jpg]
[static.wixstatic.com/media/0da768_0c5ce9e2ffa442bea0b79b690223a939_mv2.png]
[utkarsh858iitr.wixsite.com/bbd2f5_7116ccacc0ad4421bc6de68d285f4b0ff001.93.delayed]
[utkarsh858iitr.wixsite.com/bbd2f5_7116ccacc0ad4421bc6de68d285f4b0ff002.jpg]
[utkarsh858iitr.wixsite.com/demo.html]
[utkarsh858iitr.wixsite.com/index.html]
[utkarsh858iitr.wixsite.com/POST.html]
[static.parastorage.com/services/third-party/requirejs/2.1.15/require.min.js]
[static.parastorage.com/polyfill/v2/polyfill.minc956.js]
[static.parastorage.com/services/santa/1.11240.0/app/main-r.min.js]
[static.parastorage.com/unpkg/lodash@4.17.5/lodash.min.js]
[static.parastorage.com/unpkg/zepto@1.2.0/dist/zepto.min.js]
[static.parastorage.com/unpkg/react-dom@16.2.0/umd/react-dom.production.min.js]
[utkarsh858iitr.wixsite.com/_partials/santa/1.11240.0/node_modules/santa-wix-code/dist/wixcode-worker.js]
[utkarsh858iitr.wixsite.com/demo/robots.txt]
[fonts.googleapis.com/index.html]
[utkarsh858iitr.wixsite.com/demo/sitemap.xml]
[utkarsh858iitr.wixsite.com/demo/feed.9e.delayed]
[pages.wixstatic.com/sites/510975_c8da1bc63c49463f4ab5e845a04568b8_1.json30f4.json]
[utkarsh858iitr.wixsite.com/demo/who-we-are.html]
[pages.wixstatic.com/sites/510975_a31e35f49f2a5aaa5e2ba6bc6c03d7dd_1.json30f4.json]
[utkarsh858iitr.wixsite.com/demo/POST]
[static.parastorage.com/services/skins/2.1229.80/images/wysiwyg/core/themes/base/cursor_zoom_out.png]
[static.parastorage.com/services/skins/2.1229.80/images/wysiwyg/core/themes/base/cursor_zoom_in.png]
[static.wixstatic.com/media/bbd2f5_c84ed67e055440498c8ce23534b8a98f_mv2_d_5/v1/fill/w_239,h_160,al_c,q_80,usm_0.66_1.00_0.01,blur_2/bbd2f5_c84ed67e055440498c8ce23534b8a98f_mv2_d_5760_3840_s_4_2.jpg]
[static.wixstatic.com/media/5ca8a97313144b66bd93da08b0f01151.jpg/v1/fill/w_239,h_160,al_c,q_80,usm_0.66_1.00_0.01,blur_2/5ca8a97313144b66bd93da08b0f01151.jpg]
[utkarsh858iitr.wixsite.com/demo/support-us.html]
[utkarsh858iitr.wixsite.com/demo/event.html]
[static.parastorage.com/services/communities-blog-viewer-app/1.810.0/feed-page-viewer.min.css]
[utkarsh858iitr.wixsite.com/demo/blog/index.html]
[utkarsh858iitr.wixsite.com/demo/post/end-hunger-raises-5000-dollars-for-families-affected-by-hurricane-mila.html]
[utkarsh858iitr.wixsite.com/demo/post/tld-fm-radio-launches-special-appeal-to-fight-hunger.html]
[utkarsh858iitr.wixsite.com/demo/post/1000-meals-donated-to-local-people-in-need.html]
[utkarsh858iitr.wixsite.com/demo/post/local-grocer-helps-hungry-families.html]
[utkarsh858iitr.wixsite.com/demo/post/healthy-school-lunch-bill-revived.html]
[utkarsh858iitr.wixsite.com/demo/post/how-to-help-veterans-struggling-with-hunger.html]
[utkarsh858iitr.wixsite.com/demo/post/online-grocers-to-begin-accepting-food-stamps.html]
[static.wixstatic.com/media/a899bbfd121840eabf473fcba58d41fc.jpg/v1/fill/w_250,h_167,fp_0.50_0.50,q_30,blur_30/a899bbfd121840eabf473fcba58d41fc.jpg]
[static.wixstatic.com/media/84770f_e0ad66340c774c65bc9b6e946edacf4d_mv2_d_5121_3416_s_4_2.jpg/v1/fill/w_250,h_167,fp_0.50_0.50,q_30,blur_30/84770f_e0ad66340c774c65bc9b6e946edacf4d_mv2_d_5121_3416_s_4_2.jpg]
[utkarsh858iitr.wixsite.com/demo/blog.html]
[utkarsh858iitr.wixsite.com/demo/contact.html]
[ae9742ae-465f-4325-8061-306dff5643e0.static.pub.wix-code.com/index.html]
[static.wixstatic.com/index.html]
[fonts.googleapis.com/index.html]
[utkarsh858iitr.wixsite.com/demo/POST.html]
[utkarsh858iitr.wixsite.com/demo/blog/robots.html]
[utkarsh858iitr.wixsite.com/demo/blog/sitemap.xml]
[utkarsh858iitr.wixsite.com/demo/blog/feed.xml]
[utkarsh858iitr.wixsite.com/demo/blog/index.html]
[utkarsh858iitr.wixsite.com/demo/blog/POST.html]
[utkarsh858iitr.wixsite.com/demo/post/robots.html]
[utkarsh858iitr.wixsite.com/demo/post/sitemap.xml]
[utkarsh858iitr.wixsite.com/demo/post/feed.xml]
[utkarsh858iitr.wixsite.com/demo/post/POST.html]
[static.parastorage.com/services/communities-blog-viewer-app/1.810.0/post-page-viewer.min.css]
[utkarsh858iitr.wixsite.com/demo/blog/search/f.txt]
[utkarsh858iitr.wixsite.com/demo/blog/search/f-3.txt]
[utkarsh858iitr.wixsite.com/demo/post/end-hunger-raises-5000-dollars-for-families-affected-by-hurricane-mila.html]
[utkarsh858iitr.wixsite.com/demo/post/tld-fm-radio-launches-special-appeal-to-fight-hunger.html]
[utkarsh858iitr.wixsite.com/demo/post/1000-meals-donated-to-local-people-in-need.html]
[utkarsh858iitr.wixsite.com/demo/blog/search/f-2.txt]
[static.wixstatic.com/media/a899bbfd121840eabf473fcba58d41fc.jpg/v1/fit/w_300,h_300,al_c,q_5/file.jpg]
[utkarsh858iitr.wixsite.com/demo/post/local-grocer-helps-hungry-families.html]
[utkarsh858iitr.wixsite.com/demo/post/healthy-school-lunch-bill-revived.html]
[static.wixstatic.com/media/84770f_e0ad66340c774c65bc9b6e946edacf4d_mv2_d_5121_3416_s_4_2.jpg/v1/fit/w_300,h_300,al_c,q_5/file.jpg]
[utkarsh858iitr.wixsite.com/demo/post/how-to-help-veterans-struggling-with-hunger.html]
[utkarsh858iitr.wixsite.com/demo/post/online-grocers-to-begin-accepting-food-stamps.html]
[siteassets.parastorage.com/pages/singlePage/viewerViewModeJson.json]
[utkarsh858iitr.wixsite.com/demo/blog/POST.html]
[utkarsh858iitr.wixsite.com/demo/post/POST.html]
[utkarsh858iitr.wixsite.com/demo/blog/search/f.txt]
[utkarsh858iitr.wixsite.com/demo/blog/search/f-2.txt]
[utkarsh858iitr.wixsite.com/demo/blog/search/f-3.txt]
[utkarsh858iitr.wixsite.com/demo/blog/search/f-4.txt]
[utkarsh858iitr.wixsite.com/demo/blog/search/f-4.txt]
[utkarsh858iitr.wixsite.com/sitemap.html]
[utkarsh858iitr.wixsite.com/_partials/wix-bolt/1.6478.0/node_modules/viewer-platform-worker/dist/wixcode-worker.js]
[utkarsh858iitr.wixsite.com/feed.html]
[static.parastorage.com/services/third-party/fonts/user-site-fonts/fonts/d17bc040-9e8b-4397-8356-8153f4a64edf.svg]
[static.parastorage.com/services/third-party/fonts/user-site-fonts/fonts/874bbc4a-0091-49f0-93ef-ea4e69c3cc7a.svg]
[static.parastorage.com/services/third-party/fonts/user-site-fonts/fonts/b2a0a25d-e054-4c65-bffa-e5760b48dec3.svg]
[static.parastorage.com/polyfill/v2/polyfill.minc956.js]
[static.parastorage.com/services/third-party/fonts/user-site-fonts/fonts/600b1038-76a8-43b4-a2f7-2a6eb0681f95.svg]
[static.parastorage.com/services/third-party/fonts/user-site-fonts/fonts/d1b1e866-a411-42ba-8f75-72bf28e23694.svg]
[static.parastorage.com/services/third-party/fonts/user-site-fonts/fonts/5b2427b5-3c1e-4b17-9f3c-720a332c9142.svg]
[utkarsh858iitr.wixsite.com/demo/sitemap.xml]
[static.parastorage.com/services/third-party/fonts/user-site-fonts/fonts/7823e34c-67dc-467a-bbfb-efbb5f6c90f0.svg]
[static.parastorage.com/services/third-party/fonts/user-site-fonts/fonts/05ad458f-263b-413f-b054-6001a987ff3e.svg]
[static.parastorage.com/services/third-party/fonts/user-site-fonts/fonts/46f6946a-4039-46e8-b001-be3e53068d46.svg]
[static.parastorage.com/services/third-party/fonts/user-site-fonts/fonts/254ab931-e6d6-4307-9762-5914ded49f13.svg]
[utkarsh858iitr.wixsite.com/demo/post/sitemap.xml]
[static.parastorage.com/services/third-party/fonts/user-site-fonts/fonts/4ba3546a-32f7-4e7d-be64-8da01b23d46e.svg]
[static.parastorage.com/services/third-party/fonts/user-site-fonts/fonts/028040ec-b956-41d8-a07d-b4d3466b8ed8.svg]
[static.parastorage.com/services/third-party/fonts/user-site-fonts/fonts/bc2def79-bd99-49b9-98b3-502e34cc5552.svg]
[static.parastorage.com/services/third-party/fonts/user-site-fonts/fonts/a5fab48f-93a0-403a-b60e-bfdb0b69d973.svg]
[static.parastorage.com/services/third-party/fonts/user-site-fonts/fonts/19db6ebc-2d1b-4835-9588-3fa45ff36f4e.svg]
[static.parastorage.com/services/third-party/fonts/user-site-fonts/fonts/8e63fd1e-adc9-460e-9ef7-bbf98ee32a71.svg]
[static.parastorage.com/services/third-party/fonts/user-site-fonts/fonts/e5841f2e-b306-4583-bfc3-a0e06742fedd.svg]
[static.parastorage.com/services/third-party/fonts/user-site-fonts/fonts/ee507e8d-069a-4cb6-b184-62b1f3ab0102.svg]
[static.parastorage.com/services/third-party/fonts/user-site-fonts/fonts/f4245069-28b7-43b7-8a10-708b9f3c398b.svg]
[static.parastorage.com/services/third-party/fonts/user-site-fonts/fonts/1e87d66a-d7f1-4869-8430-51662777be57.svg]
[static.parastorage.com/services/third-party/fonts/user-site-fonts/fonts/24512b2a-e22d-4ebb-887c-a334d039433c.svg]
[static.parastorage.com/services/third-party/fonts/user-site-fonts/fonts/a9bda117-c293-40b5-a2d8-9f923f32623c.svg]
[static.parastorage.com/services/third-party/fonts/user-site-fonts/fonts/f1afa7d8-abee-4268-9cf8-85d43150fdb1.svg]
[static.parastorage.com/services/third-party/fonts/user-site-fonts/fonts/c2182c36-8eb4-4a56-a0ff-dba7492ce96c.svg]
[static.parastorage.com/services/third-party/fonts/user-site-fonts/fonts/25aa5449-ccc1-4f0e-ab3f-4cf3b959208f.svg]
[static.parastorage.com/services/third-party/fonts/user-site-fonts/fonts/f855783c-1079-4396-a7b7-f7d9179145be.svg]
[static.parastorage.com/services/third-party/fonts/user-site-fonts/fonts/04ab3894-45ce-42ef-aa11-e7c0cd7f7da9.svg]
[static.parastorage.com/services/third-party/fonts/user-site-fonts/fonts/a5adcd35-c36a-4b18-953d-47c029de4ef6.svg]
[static.parastorage.com/services/third-party/fonts/user-site-fonts/fonts/5ad2ed93-1ba0-4b2c-a421-22c5bcfb5b79.svg]
[static.parastorage.com/services/third-party/fonts/user-site-fonts/fonts/ca045297-34e1-462e-acc8-75ef196ada02.svg]
[static.parastorage.com/services/third-party/fonts/user-site-fonts/fonts/e514ed32-1687-47d8-8b39-423fb7664d33.svg]
[static.parastorage.com/services/third-party/fonts/user-site-fonts/fonts/f128ef28-daf3-477b-8027-0fd8bdad2b91.svg]
[static.parastorage.com/services/third-party/fonts/user-site-fonts/fonts/open-source/segoe_print-webfont.svg]
[static.parastorage.com/services/third-party/fonts/user-site-fonts/fonts/open-source/opensans-regular-webfont.svg]
[static.parastorage.com/services/third-party/fonts/user-site-fonts/fonts/open-source/opensans-bold-webfont.svg]
[static.parastorage.com/services/third-party/fonts/user-site-fonts/fonts/open-source/opensans-italic-webfont.svg]
[static.parastorage.com/services/third-party/fonts/user-site-fonts/fonts/open-source/opensans-bolditalic-webfont.svg]
[static.parastorage.com/services/third-party/fonts/user-site-fonts/fonts/b0268c31-e450-4159-bfea-e0d20e2b5c0c.svg]
[static.parastorage.com/services/third-party/fonts/user-site-fonts/fonts/20577853-40a7-4ada-a3fb-dd6e9392f401.svg]
[static.parastorage.com/services/third-party/fonts/user-site-fonts/fonts/9714d635-13b3-48b2-9315-5d0f72a69ab9.svg]
[static.parastorage.com/services/third-party/fonts/user-site-fonts/fonts/334f8999-3703-47f3-b147-96b6dc3bf4b2.svg]
[static.parastorage.com/services/third-party/fonts/user-site-fonts/fonts/47f089a6-c8ce-46fa-b98f-03b8c0619d8a.svg]
[static.parastorage.com/services/third-party/fonts/user-site-fonts/fonts/85ffb31e-78ee-4e21-83d8-4313269135a9.svg]
[static.parastorage.com/services/third-party/fonts/user-site-fonts/fonts/0804bb4a-399c-4547-9fa8-0acf6268d8f6.svg]
[static.parastorage.com/services/third-party/fonts/user-site-fonts/fonts/86d60a09-e8f8-4003-b688-0f8a2aba6532.svg]
[static.parastorage.com/services/third-party/fonts/user-site-fonts/fonts/14d6bf5d-15f1-4794-b18e-c03fb9a5187e.svg]
[static.parastorage.com/services/third-party/fonts/user-site-fonts/fonts/dc423cc1-bf86-415c-bc7d-ad7dde416a34.svg]
[static.parastorage.com/services/third-party/fonts/user-site-fonts/fonts/37bea6d0-2f14-4e48-a76f-fd85171dcf26.svg]
[static.parastorage.com/services/third-party/fonts/user-site-fonts/fonts/be340f0b-a2d4-41df-acb1-4dc124330a88.svg]
[static.parastorage.com/services/third-party/fonts/user-site-fonts/fonts/ab9cd062-380f-4b53-b1a7-c0bec7402235.svg]
[static.parastorage.com/services/third-party/fonts/user-site-fonts/fonts/f284409f-3669-43df-bfe1-f9f9ee1bbc07.svg]
[static.parastorage.com/services/third-party/fonts/user-site-fonts/fonts/76250d27-b353-4f3b-90c6-0ff635fabaab.svg]
[static.parastorage.com/services/third-party/fonts/user-site-fonts/fonts/0dccbec2-a882-4dd9-8da0-3a035c808ce0.svg]
[static.parastorage.com/services/third-party/fonts/user-site-fonts/fonts/66cac56e-d017-4544-9d0c-f7d978f0c5c2.svg]
[static.parastorage.com/services/third-party/fonts/user-site-fonts/fonts/375c70e5-6822-492b-8408-7cd350440af7.svg]
[static.parastorage.com/services/third-party/fonts/user-site-fonts/fonts/d59136e2-c38a-4ad4-8dec-2d258c12fd80.svg]
[static.parastorage.com/services/third-party/fonts/user-site-fonts/fonts/9f774d17-c03a-418e-a375-34f3beecbc7a.svg]
[static.parastorage.com/services/third-party/fonts/user-site-fonts/fonts/25bb0c90-be7f-4dfc-bfff-5cd159d09832.svg]
[static.parastorage.com/services/third-party/fonts/user-site-fonts/fonts/92c941ea-2b06-4b72-9165-17476d424d6c.svg]
[static.parastorage.com/services/third-party/fonts/user-site-fonts/fonts/84e110e9-fd29-4036-b9ad-27968a6ba793.svg]
[static.parastorage.com/services/third-party/fonts/user-site-fonts/fonts/d325b64f-214b-4fc0-80d6-4c61621cd542.svg]
[static.parastorage.com/services/third-party/fonts/user-site-fonts/fonts/f627e21b-c1a5-4e7a-b072-37391ee8dcef.svg]
[static.parastorage.com/services/third-party/fonts/user-site-fonts/fonts/ec680f09-6b07-442d-ab11-cea208cc138d.svg]
[static.parastorage.com/services/third-party/fonts/user-site-fonts/fonts/f6d0e775-b2fc-4bc8-8967-cd78486d451c.svg]
[static.parastorage.com/services/third-party/fonts/user-site-fonts/fonts/01aba52b-d32b-41fc-a681-d7b4dfa43041.svg]
[static.parastorage.com/services/third-party/fonts/user-site-fonts/fonts/bd1a6a52-e0c2-4a1b-b5a4-2d25ec2b5706.svg]
[static.parastorage.com/services/third-party/fonts/user-site-fonts/fonts/cb11dfc6-f3c4-4a58-83ac-df735ba9c428.svg]
[static.parastorage.com/services/third-party/fonts/user-site-fonts/fonts/9e73fac6-b45b-4ac5-a601-9a0d70cd45b2.svg]
[static.parastorage.com/services/third-party/fonts/user-site-fonts/fonts/0faa6338-fe10-42e6-9346-2c6626ddcd73.svg]
[static.parastorage.com/services/third-party/fonts/user-site-fonts/fonts/58ae9be9-5d95-44b6-8b6c-e6da6a46822c.svg]
[static.parastorage.com/services/third-party/fonts/user-site-fonts/fonts/b791c850-fde1-48b3-adf0-8998d55b0866.svg]
[static.parastorage.com/services/third-party/fonts/user-site-fonts/fonts/9c58e9ea-fdea-4b9c-b0f9-0a2157389ed0.svg]
[static.parastorage.com/services/third-party/fonts/user-site-fonts/fonts/fea2ad42-3ce1-43c4-b571-39159cc109a6.svg]
[static.parastorage.com/services/third-party/fonts/user-site-fonts/fonts/e0ffd68e-55a8-4537-b2d1-c51865ac15ee.svg]
[static.parastorage.com/services/third-party/fonts/user-site-fonts/fonts/a89d4dba-ce62-4aaa-8187-bea28a2b3a90.svg]
[static.parastorage.com/services/third-party/fonts/user-site-fonts/fonts/7bbc8148-b9e2-49ad-bd2a-b6a8ba78efa6.svg]
[static.parastorage.com/services/third-party/fonts/user-site-fonts/fonts/1979f98e-b074-4385-81b0-772f28a00668.svg]
[static.parastorage.com/services/third-party/fonts/user-site-fonts/fonts/936712ee-6903-4ab8-b6ad-99e7ca1721d0.svg]
[static.parastorage.com/services/third-party/fonts/user-site-fonts/fonts/bf5f466c-6f51-449d-91b3-32f1f0c2b796.svg]
[static.parastorage.com/services/third-party/fonts/user-site-fonts/fonts/00760470-0987-4c68-844d-564282fc8ff9.svg]
[static.parastorage.com/services/third-party/fonts/user-site-fonts/fonts/e4aaa0ee-fcdd-4558-9d8e-be75c6b8c417.svg]
[static.parastorage.com/services/third-party/fonts/user-site-fonts/fonts/12333ad5-3ac0-4a7d-b109-6d8c8101515a.svg]
[static.parastorage.com/services/third-party/fonts/user-site-fonts/fonts/0045c511-e366-4e81-bd42-131808ac750f.svg]
[static.parastorage.com/services/third-party/fonts/user-site-fonts/fonts/6329eea0-a953-45d7-9074-6f0594e27df7.svg]
[static.parastorage.com/services/third-party/fonts/user-site-fonts/fonts/b5000ada-6fa4-4aae-8c7e-6e6abda2be56.svg]
[static.parastorage.com/services/third-party/fonts/user-site-fonts/fonts/da80aad9-b3bc-417c-963f-b9033a872ec1.svg]
[static.parastorage.com/services/third-party/fonts/user-site-fonts/fonts/57ba934e-c7af-4166-a22c-48eaf65f26bb.svg]
[static.parastorage.com/services/third-party/fonts/user-site-fonts/fonts/a24f53ee-e15e-4931-89a3-b6f17fbfcd72.svg]
[static.parastorage.com/services/third-party/fonts/user-site-fonts/fonts/e7b93a7e-e623-4628-809c-4ae5df08148b.svg]
[static.parastorage.com/services/third-party/fonts/user-site-fonts/fonts/e953f49c-15a9-4394-97dd-a3f230e12e0b.svg]
[static.parastorage.com/services/third-party/fonts/user-site-fonts/fonts/3b8c2857-0ab3-4ea6-90bc-9928bf53340c.svg]
[static.parastorage.com/services/third-party/fonts/user-site-fonts/fonts/4fa09e39-beb9-46ca-bfcc-f9518ab4a9bd.svg]
[static.parastorage.com/services/third-party/fonts/user-site-fonts/fonts/10870395-15e4-40b0-8f7e-5ffab7195224.svg]
[static.parastorage.com/services/third-party/fonts/user-site-fonts/fonts/8db4ca73-82e1-4259-afcd-c1f15b14f62b.svg]
[static.parastorage.com/services/third-party/fonts/user-site-fonts/fonts/05e393a0-71df-4e02-b8ba-6f68f2b23b92.svg]
[static.parastorage.com/services/third-party/fonts/user-site-fonts/fonts/353c7faf-0d58-475b-8caa-f1d863e0cf1d.svg]
[static.parastorage.com/services/third-party/fonts/user-site-fonts/fonts/850e45c9-2003-49fa-8e3f-c7dfd6579acc.svg]
[static.parastorage.com/services/third-party/fonts/user-site-fonts/fonts/a7ab1444-5d94-4474-9d31-86df47d8d5c1.svg]
[static.parastorage.com/services/third-party/fonts/user-site-fonts/fonts/dd50d8fb-6769-469f-8bfa-9caed8e6df18.svg]
[static.parastorage.com/services/third-party/fonts/user-site-fonts/fonts/00381de4-f82a-4939-b8e1-1bbde51ac4ce.svg]
[static.parastorage.com/services/third-party/fonts/user-site-fonts/fonts/857d7efc-7a9c-457d-8aa5-44f0992e6441.svg]
[static.parastorage.com/services/third-party/fonts/user-site-fonts/fonts/b25da79b-ff9a-486e-bf4f-2893c47da939.svg]
[static.parastorage.com/services/third-party/fonts/user-site-fonts/fonts/b21a0ec6-8efb-40de-99f1-20a11d482401.svg]
[static.parastorage.com/services/third-party/fonts/user-site-fonts/fonts/meodedpashut_oeregular.svg]
[static.parastorage.com/services/santa-resources/resources/viewer/user-site-fonts/fonts/AugustBold/v1/augustbold-webfont.svg]
[static.parastorage.com/services/santa-resources/resources/viewer/user-site-fonts/fonts/AugustLight/v1/augustlight-webfont.svg]
[static.parastorage.com/services/santa-resources/resources/viewer/user-site-fonts/fonts/AugustMedium/v1/augustmedium-webfont.svg]
[static.parastorage.com/services/santa-resources/resources/viewer/user-site-fonts/fonts/KnedgeBold/v1/knedgebold-webfont.svg]
[static.parastorage.com/services/third-party/fonts/Helvetica/Fonts/2e309b1b-08b8-477f-bc9e-7067cf0af0b3.svg]
[static.parastorage.com/services/third-party/fonts/Helvetica/Fonts/7816f72f-f47e-4715-8cd7-960e3723846a.svg]
[static.parastorage.com/services/third-party/fonts/Helvetica/Fonts/da09f1f1-062a-45af-86e1-2bbdb3dd94f9.svg]
[static.parastorage.com/services/third-party/fonts/Helvetica/Fonts/36c182c6-ef98-4021-9b0d-d63122c2bbf5.svg]
[static.parastorage.com/services/third-party/fonts/Helvetica/Fonts/3503a1a6-91c3-4c42-8e66-2ea7b2b57541.svg]
[static.parastorage.com/services/third-party/fonts/Helvetica/Fonts/48d599a6-92b5-4d43-a4ac-8959f6971853.svg]
[static.parastorage.com/services/third-party/fonts/Helvetica/Fonts/b68875cb-14a9-472e-8177-0247605124d7.svg]
[static.parastorage.com/services/third-party/fonts/Helvetica/Fonts/58ab5075-53ea-46e6-9783-cbb335665f88.svg]
[static.parastorage.com/services/third-party/fonts/Helvetica/Fonts/1bc99c0a-298b-46f9-b325-18b5e5169795.svg]
[static.parastorage.com/services/third-party/fonts/Helvetica/Fonts/3fc84193-a13f-4fe8-87f7-238748a4ac54.svg]
[static.parastorage.com/services/third-party/fonts/Helvetica/Fonts/ae1dea8c-a953-4845-b616-74a257ba72e6.svg]
[static.parastorage.com/services/third-party/fonts/Helvetica/Fonts/df234d87-eada-4058-aa80-5871e7fbe1c3.svg]
[utkarsh858iitr.wixsite.com/bbd2f5_7116ccacc0ad4421bc6de68d285f4b0ff001.html]
[utkarsh858iitr.wixsite.com/bbd2f5_7116ccacc0ad4421bc6de68d285f4b0ff002.html]
[static.parastorage.com/services/third-party/requirejs/2.1.15/require.min.js]
[utkarsh858iitr.wixsite.com/demo/blog/sitemap.xml]
[utkarsh858iitr.wixsite.com/_partials/santa/1.11240.0/node_modules/santa-wix-code/dist/wixcode-worker.js]
[utkarsh858iitr.wixsite.com/demo/robots.html]
[utkarsh858iitr.wixsite.com/demo/feed.html]
[utkarsh858iitr.wixsite.com/demo/POST.html]
[static.parastorage.com/services/communities-blog-viewer-app/1.810.0/feed-page-viewer.min.css]
[utkarsh858iitr.wixsite.com/demo/blog/robots.html]
[utkarsh858iitr.wixsite.com/demo/blog/feed.html]
[utkarsh858iitr.wixsite.com/demo/post/robots.html]
[utkarsh858iitr.wixsite.com/demo/post/feed.html]
[static.parastorage.com/services/communities-blog-viewer-app/1.810.0/post-page-viewer.min.css]
[static.parastorage.com/services/third-party/fonts/user-site-fonts/fonts/29c28905-cc56-4077-86f5-917ad8e34c1c.svg]
